// Jest Snapshot v1, https://goo.gl/fbAQLP

exports[`getProjectLicenses for package project-1/package.json with a relative path should match snapshot 1`] = `
[
  License {
    "content": "# Dep Five

| Test Case | NO LICENSE FILE  |
| --------- | ---------------- |
| Found     | TRUE (README.MD) |

## Notes

This README should be used as a substitute for the license file.
",
    "dependencies": [
      "dep-five@1.0.0",
    ],
  },
  License {
    "content": "# Dep Four

This license file is spelt \`LICENCE\`.
This license should be found.",
    "dependencies": [
      "dep-four@1.0.0",
    ],
  },
  License {
    "content": "# Dep One

This license file is spelt \`LICENSE.md\`.
This license should be found.
",
    "dependencies": [
      "dep-one@1.0.0",
    ],
  },
  License {
    "content": "# Dep Three

This license file is spelt \`LICENSE\`.
This license should be found.",
    "dependencies": [
      "dep-three@1.0.0",
    ],
  },
  License {
    "content": "# Dep Two

This license file is spelt \`LICENCE.md\`.
This license should be found.
",
    "dependencies": [
      "dep-two-duplicate@1.0.0",
      "dep-two@1.0.0",
    ],
  },
]
`;

exports[`getProjectLicenses for package project-1/package.json with an absolute path should match snapshot 1`] = `
[
  License {
    "content": "# Dep Five

| Test Case | NO LICENSE FILE  |
| --------- | ---------------- |
| Found     | TRUE (README.MD) |

## Notes

This README should be used as a substitute for the license file.
",
    "dependencies": [
      "dep-five@1.0.0",
    ],
  },
  License {
    "content": "# Dep Four

This license file is spelt \`LICENCE\`.
This license should be found.",
    "dependencies": [
      "dep-four@1.0.0",
    ],
  },
  License {
    "content": "# Dep One

This license file is spelt \`LICENSE.md\`.
This license should be found.
",
    "dependencies": [
      "dep-one@1.0.0",
    ],
  },
  License {
    "content": "# Dep Three

This license file is spelt \`LICENSE\`.
This license should be found.",
    "dependencies": [
      "dep-three@1.0.0",
    ],
  },
  License {
    "content": "# Dep Two

This license file is spelt \`LICENCE.md\`.
This license should be found.
",
    "dependencies": [
      "dep-two-duplicate@1.0.0",
      "dep-two@1.0.0",
    ],
  },
]
`;
